// Vitest Snapshot v1, https://vitest.dev/guide/snapshot.html

exports[`Plugin API surface snapshot > backend contract surface matches snapshot 1`] = `
[
  "export interface ConnectionPool {",
  "query<T = unknown>(",
  "close(): Promise<void>;",
  "getNativePool(): unknown;",
  "export interface NotificationTenantResolveContext {",
  "req?: unknown;",
  "user?: { userId?: string };",
  "query?: Record<string, string>;",
  "export interface NotificationTenantResolver {",
  "resolve(context: NotificationTenantResolveContext): {",
  "export interface EnterpriseBackendContext {",
  "connectionPool: ConnectionPool;",
  "config: unknown;",
  "export interface EnterpriseBackendPlugin {",
  "registerRoutes?: (app: unknown, ctx: EnterpriseBackendContext) => void | Promise<void>;",
  "migrateEnterpriseDatabase?: (ctx: EnterpriseBackendContext) => void | Promise<void>;",
  "getNotificationTenantResolver?: (",
]
`;

exports[`Plugin API surface snapshot > frontend contract surface matches snapshot 1`] = `
[
  "export type EnterpriseRoute = {",
  "path?: string;",
  "index?: boolean;",
  "element?: unknown;",
  "children?: EnterpriseRoute[];",
  "export interface ComponentOverride {",
  "name: string;",
  "component: ComponentType<Record<string, unknown>>;",
  "export interface FeatureOverride {",
  "flag: string;",
  "enabled: boolean;",
  "export type EnterpriseNavItem = Record<string, unknown>;",
  "export type EnterpriseMenuItem = Record<string, unknown>;",
  "export interface PluginApiClient {",
  "get<T>(url: string, params?: Record<string, any>, options?: RequestInit): Promise<T>;",
  "post<T>(url: string, body?: any, options?: RequestInit): Promise<T>;",
  "put<T>(url: string, body?: any, options?: RequestInit): Promise<T>;",
  "patch<T>(url: string, body?: any, options?: RequestInit): Promise<T>;",
  "delete<T = void>(url: string, options?: RequestInit): Promise<T>;",
  "getBlob(url: string, params?: Record<string, any>, options?: RequestInit): Promise<Blob>;",
  "export interface PluginApiErrorClass {",
  "new (status: number, statusText: string, message: string): Error & { status: number; statusText: string };",
  "export interface ParsedApiError {",
  "message: string;",
  "hint?: string;",
  "field?: string;",
  "payload?: any;",
  "status?: number;",
  "export interface PluginApiErrorUtils {",
  "ApiError: PluginApiErrorClass;",
  "parseApiError(error: unknown, fallbackMessage?: string): ParsedApiError;",
  "getUiErrorMessage(error: unknown, fallbackMessage?: string): string;",
  "getErrorMessageFromResponse(response: Response): Promise<string>;",
  "export interface PageHeaderProps {",
  "icon: ComponentType<any>;",
  "title: string;",
  "subtitle?: string;",
  "gradient?: [string, string];",
  "actions?: ReactNode;",
  "export interface PageLayoutProps {",
  "children: ReactNode;",
  "padding?: string;",
  "style?: CSSProperties;",
  "export interface ConfirmModalProps {",
  "open: boolean;",
  "onClose: () => void;",
  "onConfirm: () => void | Promise<void>;",
  "title: string;",
  "description: string;",
  "confirmText?: string;",
  "cancelText?: string;",
  "danger?: boolean;",
  "warning?: boolean;",
  "busy?: boolean;",
  "showWarning?: boolean;",
  "warningMessage?: string;",
  "export interface ToastInput {",
  "kind: 'success' | 'info' | 'warning' | 'error';",
  "title: string;",
  "subtitle?: string;",
  "timeout?: number;",
  "export interface PluginAuthContext {",
  "user: Record<string, any> | null;",
  "isAuthenticated: boolean;",
  "isLoading: boolean;",
  "login(credentials: any): Promise<any>;",
  "logout(): Promise<void>;",
  "refreshUser(): Promise<void>;",
  "export interface FrontendPluginContext {",
  "api: {",
  "components: {",
  "hooks: {",
  "export interface EnterpriseFrontendPlugin {",
  "routes?: EnterpriseRoute[];",
  "tenantRoutes?: EnterpriseRoute[];",
  "navItems?: EnterpriseNavItem[];",
  "menuItems?: EnterpriseMenuItem[];",
  "componentOverrides?: ComponentOverride[];",
  "featureOverrides?: FeatureOverride[];",
  "init?(context: FrontendPluginContext): void;",
  "headerSlots?: never;",
  "sidebarItems?: never;",
]
`;
